// Jest Snapshot v1, https://goo.gl/fbAQLP

exports[`CenteredComponent should render successfully 1`] = `
<div>
  <div
    class="MuiBox-root css-36s324"
  >
    <div
      class="MuiGrid-root MuiGrid-container css-1vam7s3-MuiGrid-root"
    >
      <div
        class="MuiContainer-root MuiContainer-maxWidthXs css-nzinn5-MuiContainer-root"
      >
        <p>
          Working!
        </p>
      </div>
    </div>
  </div>
</div>
`;
